[techno.okezone.com/read/2025/08/29/57/3166258/vivo-v60-resmi-diluncurkan-dengan-zeiss-telephoto-dan-fitur-fotografi-ai-eksklusif-cek-harganya.html]
[backblue.gif]
[fade.gif]
[index.html]
[cdn.okezone.com/www/2016/img/OKZ3.gif]
[cdn.okezone.com/underwood/revamp/assets/2025/favicon-192x192.png]
[cdn.okezone.com/underwood/revamp/assets/2025/favicon-160x160.png]
[cdn.okezone.com/underwood/revamp/assets/2025/favicon-96x96.png]
[cdn.okezone.com/underwood/revamp/assets/2025/favicon-16x16.png]
[cdn.okezone.com/underwood/revamp/assets/2025/favicon-32x32.png]
[cdn.okezone.com/underwood/revamp/assets/2025/imgsrc.png]
[techno.okezone.com/read/2025/08/29/57/3166258/vivo-v60-resmi-diluncurkan-dengan-zeiss-telephoto-dan-fitur-fotografi-ai-eksklusif-cek-harganya4658.html]
[img.okezone.com/content/2025/08/29/57/3166258/vivo_v60_resmi_meluncur_di_indonesia-v1KL_large.jpg]
[cdn.okezone.com/underwood/revamp/2023/techno/desktop/css/stylemin51.css]
[cdn.okezone.com/underwood/revamp/2023/sso/desktop/css/sso.min.css]
[cdn.okezone.com/underwood/revamp/2024/revamp/desktop/css/follow.03.min.css]
[cdn.okezone.com/underwood/revamp/2024/revamp/mobile/css/default-ads.min.css]
[thapi.aedi.ai/common/js/v1/aedi-okezone.js]
[cdn.okezone.com/underwood/revamp/2024/revamp/desktop/img/icon-profile.png]
[img.okezone.com/content/2025/04/27/57/3134172/funtouchos_15-S3MJ_large.jpg]
[img.okezone.com/content/2025/01/10/57/3103120/vivo_x_figure_ari_lasso_memamerkan_vivo_x200_pro_yang_diluncurkan_di_indonesia_9_januari_2025-dWck_large.jpg]
[techno.okezone.com/read/2025/08/29/57/3166258/vivo-v60-resmi-diluncurkan-dengan-zeiss-telephoto-dan-fitur-fotografi-ai-eksklusif-cek-harganya9ba9.html]
[techno.okezone.com/cdn-cgi/scripts/5c5dd728/cloudflare-static/email-decode.min.js]
[jsc.mgid.com/site/523196.js]
[comment-portal.mncportal.id/index.js]
[img.okezone.com/content/2025/08/31/57/3166636/vivo_x_fold5_resmi_diluncurkan_di_indonesia-36ue_large.jpg]
[img.okezone.com/content/2025/08/28/57/3165916/ilustrasi-82ly_large.jpg]
[img.okezone.com/content/2025/08/28/57/3165912/pr_lead_realme_indonesia_krisva_agnieszca_memamerkan_dua_ponsel_konsep_realme_pada_828_fan_festival_di_jakarta-wUxP_large.jpg]
[img.okezone.com/content/2025/08/23/57/3164935/trump_mobile_t1_diumumkan_pada_juni_2025-gKPf_large.jpg]
[img.okezone.com/content/2025/08/20/57/3164324/xiaomi_meluncurkan_redmi_15c-lVKS_large.jpg]
[img.okezone.com/content/2025/08/16/57/3163228/motorola_g_86_power_5g-amkD_large.jpg]
[cdn.okezone.com/underwood/revamp/2023/widget/countdown/desktop/img/banner_radio.jpg]
[img.okezone.com/okz/400/content/2025/08/30/57/3166493/microsoft-iDt5_large.jpg]
[img.okezone.com/okz/400/content/2025/08/31/54/3166717/ilustrasi-LxDC_large.jpg]
[img.okezone.com/okz/400/content/2025/08/31/54/3166643/ilustrasi-6zRr_large.jpg]
[img.okezone.com/okz/400/content/2025/08/31/57/3166636/vivo_x_fold5_resmi_diluncurkan_di_indonesia-36ue_large.jpg]
[cdn.okezone.com/underwood/revamp/2023/techno/mobile/js/jquery-3.5.1.js]
[cdn.okezone.com/underwood/revamp/2023/techno/desktop/js/script5.js]
[cdn.okezone.com/underwood/js/widget-iframe-master.js]
[cdn.okezone.com/underwood/revamp/2024/revamp/desktop/img/play.png]
[cdn.okezone.com/underwood/revamp/2024/revamp/desktop/img/stop.png]
[securepubads.g.doubleclick.net/tag/js/f.txt]
[cdn.okezone.com/underwood/js/pathShare/jpathner.js]
[techno.okezone.com/read/2025/08/29/57/3166258/vivo-v60-resmi-diluncurkan-dengan-zeiss-telephoto-dan-fitur-fotografi-ai-eksklusif-cek-harganya.html]
[techno.okezone.com/cdn-cgi/challenge-platform/h/b/scripts/jsd/4710d66e8fda/maind41d.js]
[img.okezone.com/okz/500/library/images/2025/08/29/varian_warna_vivo_v60_18988.jpg]
[img.okezone.com/content/2025/09/01/57/3166827/ilustrasi-alxW_large.jpg]
[img.okezone.com/content/2025/09/01/320/3166794/bbm-OagQ_large.jpg]
[img.okezone.com/okz/400/content/2025/09/01/57/3166827/ilustrasi-alxW_large.jpg]
[img.okezone.com/okz/400/content/2025/09/01/326/3166946/playstation_portal-3ftI_large.jpg]
[techno.okezone.com/read/2025/08/29/57/3166258/vivo-v60-resmi-diluncurkan-dengan-zeiss-telephoto-dan-fitur-fotografi-ai-eksklusif-cek-harganya4658.html]
[www.googletagmanager.com/gtm5445.html]
[cdn.okezone.com/underwood/revamp/2023/techno/desktop/css/stylemin51.css]
[cdn.okezone.com/underwood/revamp/2023/sso/desktop/css/sso.min.css]
[cdn.okezone.com/underwood/revamp/2024/revamp/desktop/css/follow.03.min.css]
[cdn.okezone.com/underwood/revamp/2024/revamp/mobile/css/default-ads.min.css]
[techno.okezone.com/read/2025/08/29/57/3166258/vivo-v60-resmi-diluncurkan-dengan-zeiss-telephoto-dan-fitur-fotografi-ai-eksklusif-cek-harganya9ba9.html]
[techno.okezone.com/read/2025/08/29/57/3166258/vivo-v60-resmi-diluncurkan-dengan-zeiss-telephoto-dan-fitur-fotografi-ai-eksklusif-cek-harganya2c6e.html]
[techno.okezone.com/read/2025/08/29/57/3166258/vivo-v60-resmi-diluncurkan-dengan-zeiss-telephoto-dan-fitur-fotografi-ai-eksklusif-cek-harganya2c6e.html]
